
> frontend@0.0.0 build
> vite build

[36mvite v8.0.3 [32mbuilding client environment for production...[36m[39m
[2K
transforming...Γ£ô 2537 modules transformed.
node.exe : [31mΓ£ù[39m Build failed in 2.62s
At C:\Program Files\nodejs\npm.ps1:29 char:3
+   & $NODE_EXE $NPM_CLI_JS $args
+   ~~~~~~~~~~~~~~~~~~~~~~~~~~~~~
    + CategoryInfo          : NotSpecified: ([31mΓ£ù[39m Build failed in 2.62s:String) [], RemoteException
    + FullyQualifiedErrorId : NativeCommandError
 
[31merror during build:
[31mBuild failed with 1 error:

[31m[builtin:vite-transform] Error:[0m Unexpected token
      [38;5;246mΓò¡[0m[38;5;246mΓöÇ[0m[38;5;246m[[0m src/modules/driver/pages/ServiceCenterDashboard.jsx:1619:12 
[38;5;246m][0m
      [38;5;246mΓöé[0m
 [38;5;246m1619 Γöé[0m Γò¡ΓöÇΓû╢ [38;5;249m [0m[38;5;249m [0m[38;5;249m [0m[38;5;249m [0m[38;5;249m 
[0m[38;5;249m [0m[38;5;249m [0m[38;5;249m [0m[38;5;249m [0m[38;5;249m [0m[38;5;249m<[0m/section>
 [38;5;240m     Γöå[0m Γöå   
 [38;5;246m1920 Γöé[0m Γö£ΓöÇΓû╢ export default ServiceCenterDashboard;
 [38;5;240m     Γöé[0m Γöé                                             
 [38;5;240m     Γöé[0m Γò░ΓöÇΓöÇΓöÇΓöÇΓöÇΓöÇΓöÇΓöÇΓöÇΓöÇΓöÇΓöÇΓöÇΓöÇΓöÇΓöÇΓöÇΓöÇΓöÇΓöÇΓöÇΓöÇΓöÇΓöÇΓöÇΓöÇΓöÇΓöÇΓöÇΓöÇΓ
öÇΓöÇΓöÇΓöÇΓöÇΓöÇΓöÇΓöÇΓöÇΓöÇΓöÇΓöÇΓöÇΓöÇΓöÇ 
[38;5;246mΓöÇΓöÇΓöÇΓöÇΓöÇΓöÇΓò»[0m
[31m
    at aggregateBindingErrorsIntoJsError 
(file:///D:/CompanyProjects/Taxi09_taxi/frontend/node_modules/rolldown/dist/shared/error-BLhcSyeg.mjs:48:18)
    at unwrapBindingResult 
(file:///D:/CompanyProjects/Taxi09_taxi/frontend/node_modules/rolldown/dist/shared/error-BLhcSyeg.mjs:18:128)
    at #build (file:///D:/CompanyProjects/Taxi09_taxi/frontend/node_modules/rolldown/dist/shared/rolldown-build-CPrIX9
V6.mjs:3313:34)
    at async buildEnvironment 
(file:///D:/CompanyProjects/Taxi09_taxi/frontend/node_modules/vite/dist/node/chunks/node.js:32849:64)
    at async Object.build 
(file:///D:/CompanyProjects/Taxi09_taxi/frontend/node_modules/vite/dist/node/chunks/node.js:33271:19)
    at async Object.buildApp 
(file:///D:/CompanyProjects/Taxi09_taxi/frontend/node_modules/vite/dist/node/chunks/node.js:33268:153)
    at async CAC.<anonymous> 
(file:///D:/CompanyProjects/Taxi09_taxi/frontend/node_modules/vite/dist/node/cli.js:778:3) {
  errors: [Getter/Setter]
}[39m
